> Task :clean UP-TO-DATE
> Task :app:clean
> Task :app:preBuild UP-TO-DATE
> Task :app:preDebugBuild UP-TO-DATE
> Task :app:mergeDebugNativeDebugMetadata NO-SOURCE
> Task :app:generateDebugResValues
> Task :app:generateDebugResources
> Task :app:dataBindingMergeDependencyArtifactsDebug
> Task :app:processDebugGoogleServices
> Task :app:mergeDebugResources
> Task :app:packageDebugResources
> Task :app:dataBindingTriggerDebug
> Task :app:generateDebugBuildConfig
> Task :app:mapDebugSourceSetPaths
> Task :app:createDebugCompatibleScreenManifests
> Task :app:extractDeepLinksDebug
> Task :app:checkDebugAarMetadata

> Task :app:processDebugMainManifest
[org.tensorflow:tensorflow-lite:2.14.0] C:\Users\USER\.gradle\caches\transforms-3\ca8284818f2df44813a9289c2498e443\transformed\tensorflow-lite-2.14.0\AndroidManifest.xml Warning:
	Namespace 'org.tensorflow.lite' is used in multiple modules and/or libraries: org.tensorflow:tensorflow-lite:2.14.0, org.tensorflow:tensorflow-lite-gpu:2.14.0, org.tensorflow:tensorflow-lite-gpu-api:2.14.0, org.tensorflow:tensorflow-lite-api:2.14.0. Please ensure that all modules and libraries have a unique namespace. For more information, See https://developer.android.com/studio/build/configure-app-module#set-namespace
[org.tensorflow:tensorflow-lite-support:0.4.4] C:\Users\USER\.gradle\caches\transforms-3\4424f50e38057d736ff5dbded40f5684\transformed\tensorflow-lite-support-0.4.4\AndroidManifest.xml Warning:
	Namespace 'org.tensorflow.lite.support' is used in multiple modules and/or libraries: org.tensorflow:tensorflow-lite-support:0.4.4, org.tensorflow:tensorflow-lite-support-api:0.4.4. Please ensure that all modules and libraries have a unique namespace. For more information, See https://developer.android.com/studio/build/configure-app-module#set-namespace

> Task :app:processDebugManifest
> Task :app:mergeDebugShaders
> Task :app:compileDebugShaders NO-SOURCE
> Task :app:generateDebugAssets UP-TO-DATE
> Task :app:javaPreCompileDebug
> Task :app:mergeDebugAssets
> Task :app:compressDebugAssets
> Task :app:parseDebugLocalResources
> Task :app:checkDebugDuplicateClasses
> Task :app:dataBindingGenBaseClassesDebug
> Task :app:desugarDebugFileDependencies
> Task :app:mergeDebugJniLibFolders
> Task :app:mergeLibDexDebug
> Task :app:validateSigningDebug
> Task :app:writeDebugAppMetadata
> Task :app:writeDebugSigningConfigVersions
> Task :app:processDebugManifestForPackage
> Task :app:mergeDebugNativeLibs

> Task :app:stripDebugDebugSymbols
Unable to strip the following libraries, packaging them as they are: libimage_processing_util_jni.so, libtensorflowlite_gpu_jni.so, libtensorflowlite_jni.so.

> Task :app:processDebugResources
> Task :app:mergeExtDexDebug
> Task :app:compileDebugKotlin
